(7 nil ((nil . 7)) 1 nil)
(21 nil ((nil . 21) (nil . 7)) 2 nil)
(45 nil ((nil . 37) (nil . 21) (nil . 7)) 3 nil)
(46 nil ((40 . 46) (nil . 37) (nil . 21) (nil . 7)) 0 ((46 . 3)))
(57 nil ((nil . 37) (nil . 21) (nil . 7)) 3 nil)
(66 nil ((nil . 66) (nil . 37) (nil . 21) (nil . 7)) 4 nil)
(84 nil ((nil . 84) (nil . 66) (nil . 37) (nil . 21) (nil . 7)) 5 nil)
(127 nil ((nil . 66) (nil . 37) (nil . 21) (nil . 7)) 4 nil)
(133 nil ((nil . 66) (nil . 37) (nil . 21) (nil . 7)) 4 nil)
(154 nil ((nil . 66) (nil . 37) (nil . 21) (nil . 7)) 4 nil)
(165 nil ((nil . 66) (nil . 37) (nil . 21) (nil . 7)) 4 nil)
(170 nil ((nil . 66) (nil . 37) (nil . 21) (nil . 7)) 4 nil)
(180 nil ((nil . 37) (nil . 21) (nil . 7)) 3 nil)
(188 nil ((nil . 21) (nil . 7)) 2 nil)
(211 nil ((nil . 197) (nil . 21) (nil . 7)) 3 nil)
(223 nil ((nil . 223) (nil . 197) (nil . 21) (nil . 7)) 4 nil)
(282 nil ((nil . 197) (nil . 21) (nil . 7)) 3 nil)
(290 nil ((nil . 21) (nil . 7)) 2 nil)
(314 nil ((nil . 299) (nil . 21) (nil . 7)) 3 nil)
(315 nil ((40 . 315) (nil . 299) (nil . 21) (nil . 7)) 0 ((315 . 3)))
(340 nil ((nil . 299) (nil . 21) (nil . 7)) 3 nil)
(352 nil ((nil . 352) (nil . 299) (nil . 21) (nil . 7)) 4 nil)
(401 nil ((nil . 352) (nil . 299) (nil . 21) (nil . 7)) 4 nil)
(426 nil ((nil . 299) (nil . 21) (nil . 7)) 3 nil)
(434 nil ((nil . 21) (nil . 7)) 2 nil)
(440 nil ((nil . 7)) 1 nil)
(449 nil ((nil . 449) (nil . 7)) 2 nil)
(472 nil ((nil . 463) (nil . 449) (nil . 7)) 3 nil)
(483 nil ((nil . 483) (nil . 463) (nil . 449) (nil . 7)) 4 nil)
(589 nil ((nil . 463) (nil . 449) (nil . 7)) 3 nil)
(597 nil ((nil . 449) (nil . 7)) 2 nil)
(603 nil ((nil . 7)) 1 nil)
(615 nil ((nil . 610) (nil . 7)) 2 nil)
(616 nil ((40 . 616) (nil . 610) (nil . 7)) 0 ((616 . 2)))
(622 nil ((nil . 610) (nil . 7)) 2 nil)
(636 nil ((nil . 610) (nil . 7)) 2 nil)
(639 nil ((nil . 639) (nil . 610) (nil . 7)) 3 nil)
(729 nil ((nil . 639) (nil . 610) (nil . 7)) 3 nil)
(736 nil ((nil . 610) (nil . 7)) 2 nil)
(742 nil ((nil . 7)) 1 nil)
(760 nil ((nil . 749) (nil . 7)) 2 nil)
(789 nil ((nil . 749) (nil . 7)) 2 nil)
(818 nil ((nil . 749) (nil . 7)) 2 nil)
(857 nil ((nil . 749) (nil . 7)) 2 nil)
(892 nil ((nil . 749) (nil . 7)) 2 nil)
(898 nil ((nil . 7)) 1 nil)
(913 nil ((nil . 905) (nil . 7)) 2 nil)
(925 nil ((91 . 925) (nil . 905) (nil . 7)) 0 ((925 . 2)))
(927 nil ((91 . 925) (nil . 905) (nil . 7)) 0 ((925 . 2)))
(931 nil ((91 . 925) (nil . 905) (nil . 7)) 0 ((925 . 2)))
(935 nil ((91 . 925) (nil . 905) (nil . 7)) 0 ((925 . 2)))
(937 nil ((nil . 905) (nil . 7)) 2 nil)
(943 nil ((nil . 7)) 1 nil)
(976 nil ((nil . 950) (nil . 7)) 2 nil)
(998 nil ((nil . 950) (nil . 7)) 2 nil)
(1004 nil ((nil . 7)) 1 nil)
(1008 nil nil 0 nil)
(1009 nil nil 0 nil)
